// Jest Snapshot v1, https://goo.gl/fbAQLP

exports[`renders without crashing 1`] = `
.emotion-0 {
  margin: 0 auto;
  max-width: 1000px;
  padding: 0 5%;
  width: 100%;
}

<div>
  <div
    class="emotion-0 emotion-1"
  />
</div>
`;
